<!-- privacy link -->
<p><a href="/?&amp;privacy_show">Cookie settings</a></p>
