<!-- privacy link -->
<p><a href="/?some+query+string&amp;privacy_show">Cookie settings</a></p>
