<!-- privacy form -->
<div id="privacy">
  <form name="privacy" method="post">
    <p>We would like to place cookies on your computer to help us make this website better.</p>
    <p class="privacy_buttons">
      <button type="submit" class="submit" name="privacy_agree" value="no">Decline</button>
      <button type="submit" class="submit" name="privacy_agree" value="yes">Allow cookies</button>
    </p>
  </form>
</div>
<script>
if (typeof navigator.cookieEnabled != "undefined" && !navigator.cookieEnabled) {
    document.forms.privacy.style.display = "none";
}
</script>
